decoded: Unescaped backslash: "
encoded: "Unescaped backslash: \""
input: "Unescaped backslash: \"
encoding failed.
