decoded: Escape: \"Hello\"
encoded: "Escape: \\\"Hello\\\""
encoding successful.
