decoded: Bell: \a	Tab: \t
encoded: "Bell: \\a\tTab: \\t"
encoding successful.
