decoded: Single quotes: \'single quotes\'
encoded: "Single quotes: \\'single quotes\\'"
encoding successful.
