decoded: Special characters: !@#$%^&*()
encoded: "Special characters: !@#$%^&*()"
encoding successful.
