decoded: Hex: \0x41\0x42
encoded: "Hex: \\0x41\\0x42"
encoding successful.
