decoded: Lorem ipsum dolor sit amet, consectetur adipiscing elit. Vestibulum tristique
quam ut ante efficitur iaculis. Nunc sed tortor ut purus rhoncus bibendum.
Fusce id dolor nulla. Suspendisse laoreet facilisis est, eu posuere mi
sagittis id.
encoded: "Lorem ipsum dolor sit amet, consectetur adipiscing elit. Vestibulum tristique\nquam ut ante efficitur iaculis. Nunc sed tortor ut purus rhoncus bibendum.\nFusce id dolor nulla. Suspendisse laoreet facilisis est, eu posuere mi\nsagittis id."
encoding successful.
