decoded: Hello, World!

encoded: "Hello, World!\n"
encoding successful.
